Archive member included to satisfy reference by file (symbol)

c:/program files (x86)/gnu arm embedded toolchain/10 2021.10/bin/../lib/gcc/arm-none-eabi/10.3.1/../../../../arm-none-eabi/lib/thumb/v7-m/nofp\libc_nano.a(lib_a-exit.o)
                              c:/program files (x86)/gnu arm embedded toolchain/10 2021.10/bin/../lib/gcc/arm-none-eabi/10.3.1/../../../../arm-none-eabi/lib/thumb/v7-m/nofp/crt0.o (exit)
c:/program files (x86)/gnu arm embedded toolchain/10 2021.10/bin/../lib/gcc/arm-none-eabi/10.3.1/../../../../arm-none-eabi/lib/thumb/v7-m/nofp\libc_nano.a(lib_a-impure.o)
                              c:/program files (x86)/gnu arm embedded toolchain/10 2021.10/bin/../lib/gcc/arm-none-eabi/10.3.1/../../../../arm-none-eabi/lib/thumb/v7-m/nofp\libc_nano.a(lib_a-exit.o) (_global_impure_ptr)
c:/program files (x86)/gnu arm embedded toolchain/10 2021.10/bin/../lib/gcc/arm-none-eabi/10.3.1/../../../../arm-none-eabi/lib/thumb/v7-m/nofp\libc_nano.a(lib_a-init.o)
                              c:/program files (x86)/gnu arm embedded toolchain/10 2021.10/bin/../lib/gcc/arm-none-eabi/10.3.1/../../../../arm-none-eabi/lib/thumb/v7-m/nofp/crt0.o (__libc_init_array)
c:/program files (x86)/gnu arm embedded toolchain/10 2021.10/bin/../lib/gcc/arm-none-eabi/10.3.1/../../../../arm-none-eabi/lib/thumb/v7-m/nofp\libc_nano.a(lib_a-memset.o)
                              c:/program files (x86)/gnu arm embedded toolchain/10 2021.10/bin/../lib/gcc/arm-none-eabi/10.3.1/../../../../arm-none-eabi/lib/thumb/v7-m/nofp/crt0.o (memset)
c:/program files (x86)/gnu arm embedded toolchain/10 2021.10/bin/../lib/gcc/arm-none-eabi/10.3.1/../../../../arm-none-eabi/lib/thumb/v7-m/nofp\libnosys.a(_exit.o)
                              c:/program files (x86)/gnu arm embedded toolchain/10 2021.10/bin/../lib/gcc/arm-none-eabi/10.3.1/../../../../arm-none-eabi/lib/thumb/v7-m/nofp\libc_nano.a(lib_a-exit.o) (_exit)

Discarded input sections

 .text          0x00000000        0x0 c:/program files (x86)/gnu arm embedded toolchain/10 2021.10/bin/../lib/gcc/arm-none-eabi/10.3.1/thumb/v7-m/nofp/crti.o
 .data          0x00000000        0x0 c:/program files (x86)/gnu arm embedded toolchain/10 2021.10/bin/../lib/gcc/arm-none-eabi/10.3.1/thumb/v7-m/nofp/crti.o
 .bss           0x00000000        0x0 c:/program files (x86)/gnu arm embedded toolchain/10 2021.10/bin/../lib/gcc/arm-none-eabi/10.3.1/thumb/v7-m/nofp/crti.o
 .data          0x00000000        0x4 c:/program files (x86)/gnu arm embedded toolchain/10 2021.10/bin/../lib/gcc/arm-none-eabi/10.3.1/thumb/v7-m/nofp/crtbegin.o
 .rodata        0x00000000       0x24 c:/program files (x86)/gnu arm embedded toolchain/10 2021.10/bin/../lib/gcc/arm-none-eabi/10.3.1/thumb/v7-m/nofp/crtbegin.o
 .text          0x00000000       0x7c c:/program files (x86)/gnu arm embedded toolchain/10 2021.10/bin/../lib/gcc/arm-none-eabi/10.3.1/../../../../arm-none-eabi/lib/thumb/v7-m/nofp/crt0.o
 .data          0x00000000        0x0 c:/program files (x86)/gnu arm embedded toolchain/10 2021.10/bin/../lib/gcc/arm-none-eabi/10.3.1/../../../../arm-none-eabi/lib/thumb/v7-m/nofp/crt0.o
 .bss           0x00000000        0x0 c:/program files (x86)/gnu arm embedded toolchain/10 2021.10/bin/../lib/gcc/arm-none-eabi/10.3.1/../../../../arm-none-eabi/lib/thumb/v7-m/nofp/crt0.o
 .ARM.extab     0x00000000        0x0 c:/program files (x86)/gnu arm embedded toolchain/10 2021.10/bin/../lib/gcc/arm-none-eabi/10.3.1/../../../../arm-none-eabi/lib/thumb/v7-m/nofp/crt0.o
 .ARM.exidx     0x00000000       0x10 c:/program files (x86)/gnu arm embedded toolchain/10 2021.10/bin/../lib/gcc/arm-none-eabi/10.3.1/../../../../arm-none-eabi/lib/thumb/v7-m/nofp/crt0.o
 .ARM.attributes
                0x00000000       0x1b c:/program files (x86)/gnu arm embedded toolchain/10 2021.10/bin/../lib/gcc/arm-none-eabi/10.3.1/../../../../arm-none-eabi/lib/thumb/v7-m/nofp/crt0.o
 .text          0x00000000        0x0 build/main.o
 .data          0x00000000        0x0 build/main.o
 .bss           0x00000000        0x0 build/main.o
 .text          0x00000000        0x0 build/led_controlling.o
 .data          0x00000000        0x0 build/led_controlling.o
 .bss           0x00000000        0x0 build/led_controlling.o
 .text          0x00000000        0x0 build/software_timer.o
 .data          0x00000000        0x0 build/software_timer.o
 .bss           0x00000000        0x0 build/software_timer.o
 .text          0x00000000        0x0 build/input_reading.o
 .data          0x00000000        0x0 build/input_reading.o
 .bss           0x00000000        0x0 build/input_reading.o
 .text.is_button_pressed_1s
                0x00000000       0x1c build/input_reading.o
 .text          0x00000000        0x0 build/input_processing.o
 .data          0x00000000        0x0 build/input_processing.o
 .bss           0x00000000        0x0 build/input_processing.o
 .text          0x00000000        0x0 build/stm32f1xx_it.o
[...]
Memory Configuration

Name             Origin             Length             Attributes
RAM              0x20000000         0x00002800         xrw
FLASH            0x08000000         0x00008000         xr
*default*        0x00000000         0xffffffff

Linker script and memory map

LOAD c:/program files (x86)/gnu arm embedded toolchain/10 2021.10/bin/../lib/gcc/arm-none-eabi/10.3.1/thumb/v7-m/nofp/crti.o
LOAD c:/program files (x86)/gnu arm embedded toolchain/10 2021.10/bin/../lib/gcc/arm-none-eabi/10.3.1/thumb/v7-m/nofp/crtbegin.o
LOAD c:/program files (x86)/gnu arm embedded toolchain/10 2021.10/bin/../lib/gcc/arm-none-eabi/10.3.1/../../../../arm-none-eabi/lib/thumb/v7-m/nofp/crt0.o
LOAD build/main.o
LOAD build/led_controlling.o
LOAD build/software_timer.o
LOAD build/input_reading.o
LOAD build/input_processing.o
LOAD build/stm32f1xx_it.o
LOAD build/stm32f1xx_hal_msp.o
LOAD build/stm32f1xx_hal_gpio_ex.o
LOAD build/stm32f1xx_hal_tim.o
LOAD build/stm32f1xx_hal_tim_ex.o
LOAD build/stm32f1xx_hal.o
LOAD build/stm32f1xx_hal_rcc.o
LOAD build/stm32f1xx_hal_rcc_ex.o
LOAD build/stm32f1xx_hal_gpio.o
LOAD build/stm32f1xx_hal_dma.o
LOAD build/stm32f1xx_hal_cortex.o
LOAD build/stm32f1xx_hal_pwr.o
LOAD build/stm32f1xx_hal_flash.o
LOAD build/stm32f1xx_hal_flash_ex.o
LOAD build/stm32f1xx_hal_exti.o
LOAD build/system_stm32f1xx.o
LOAD build/startup_stm32f103x6.o
LOAD c:/program files (x86)/gnu arm embedded toolchain/10 2021.10/bin/../lib/gcc/arm-none-eabi/10.3.1/../../../../arm-none-eabi/lib/thumb/v7-m/nofp\libc_nano.a
LOAD c:/program files (x86)/gnu arm embedded toolchain/10 2021.10/bin/../lib/gcc/arm-none-eabi/10.3.1/../../../../arm-none-eabi/lib/thumb/v7-m/nofp\libm.a
LOAD c:/program files (x86)/gnu arm embedded toolchain/10 2021.10/bin/../lib/gcc/arm-none-eabi/10.3.1/../../../../arm-none-eabi/lib/thumb/v7-m/nofp\libnosys.a
START GROUP
LOAD c:/program files (x86)/gnu arm embedded toolchain/10 2021.10/bin/../lib/gcc/arm-none-eabi/10.3.1/thumb/v7-m/nofp\libgcc.a
LOAD c:/program files (x86)/gnu arm embedded toolchain/10 2021.10/bin/../lib/gcc/arm-none-eabi/10.3.1/../../../../arm-none-eabi/lib/thumb/v7-m/nofp\libc_nano.a
END GROUP
START GROUP
LOAD c:/program files (x86)/gnu arm embedded toolchain/10 2021.10/bin/../lib/gcc/arm-none-eabi/10.3.1/thumb/v7-m/nofp\libgcc.a
LOAD c:/program files (x86)/gnu arm embedded toolchain/10 2021.10/bin/../lib/gcc/arm-none-eabi/10.3.1/../../../../arm-none-eabi/lib/thumb/v7-m/nofp\libc_nano.a
END GROUP
LOAD c:/program files (x86)/gnu arm embedded toolchain/10 2021.10/bin/../lib/gcc/arm-none-eabi/10.3.1/thumb/v7-m/nofp/crtend.o
LOAD c:/program files (x86)/gnu arm embedded toolchain/10 2021.10/bin/../lib/gcc/arm-none-eabi/10.3.1/thumb/v7-m/nofp/crtn.o
                0x20002800                _estack = (ORIGIN (RAM) + LENGTH (RAM))
                0x00000200                _Min_Heap_Size = 0x200
                0x00000400                _Min_Stack_Size = 0x400

.isr_vector     0x08000000      0x10c
                0x08000000                . = ALIGN (0x4)
 *(.isr_vector)
 .isr_vector    0x08000000      0x10c build/startup_stm32f103x6.o
                0x08000000                g_pfnVectors
                0x0800010c                . = ALIGN (0x4)

.text           0x0800010c     0x18cc
                0x0800010c                . = ALIGN (0x4)
 *(.text)
 .text          0x0800010c       0x40 c:/program files (x86)/gnu arm embedded toolchain/10 2021.10/bin/../lib/gcc/arm-none-eabi/10.3.1/thumb/v7-m/nofp/crtbegin.o
 *(.text*)
 .text.MX_GPIO_Init
                0x0800014c       0xa0 build/main.o
 .text.Scan7SEG
                0x080001ec       0x9c build/main.o
                0x080001ec                Scan7SEG
 .text.HAL_TIM_PeriodElapsedCallback
                0x08000288       0x16 build/main.o
                0x08000288                HAL_TIM_PeriodElapsedCallback
 .text.Error_Handler
                0x0800029e        0x4 build/main.o
                0x0800029e                Error_Handler
 *fill*         0x080002a2        0x2 
 .text.MX_TIM2_Init
                0x080002a4       0x68 build/main.o
 .text.SystemClock_Config
                0x0800030c       0x52 build/main.o
                0x0800030c                SystemClock_Config
 *fill*         0x0800035e        0x2 
 .text.main     0x08000360      0x184 build/main.o
                0x08000360                main
 .text.DisplayNum
                0x080004e4       0x5c build/led_controlling.o
                0x080004e4                DisplayNum
 .text.display7SEG
                0x08000540       0xe8 build/led_controlling.o
                0x08000540                display7SEG
 .text.EnableSeg0
                0x08000628       0x14 build/led_controlling.o
                0x08000628                EnableSeg0
 .text.DisableSeg0
                0x0800063c       0x14 build/led_controlling.o
                0x0800063c                DisableSeg0
 .text.EnableSeg1
                0x08000650       0x14 build/led_controlling.o
                0x08000650                EnableSeg1
 .text.DisableSeg1
                0x08000664       0x14 build/led_controlling.o
                0x08000664                DisableSeg1
 .text.EnableSeg2
                0x08000678       0x14 build/led_controlling.o
                0x08000678                EnableSeg2
 .text.DisableSeg2
                0x0800068c       0x14 build/led_controlling.o
                0x0800068c                DisableSeg2
 .text.EnableSeg3
                0x080006a0       0x14 build/led_controlling.o
                0x080006a0                EnableSeg3
 .text.DisableSeg3
                0x080006b4       0x14 build/led_controlling.o
                0x080006b4                DisableSeg3
 .text.DisableAllSegs
                0x080006c8       0x14 build/led_controlling.o
                0x080006c8                DisableAllSegs
 .text.Enable7SEG
                0x080006dc       0x26 build/led_controlling.o
                0x080006dc                Enable7SEG
 .text.Disable7SEG
                0x08000702       0x26 build/led_controlling.o
                0x08000702                Disable7SEG
 .text.TurnAllLightsOff
                0x08000728       0x4c build/led_controlling.o
                0x08000728                TurnAllLightsOff
 .text.ToggleAllRedLeds
                0x08000774       0x1c build/led_controlling.o
                0x08000774                ToggleAllRedLeds
 .text.ToggleAllYellowLeds
                0x08000790       0x1c build/led_controlling.o
                0x08000790                ToggleAllYellowLeds
 .text.ToggleAllGreenLeds
                0x080007ac       0x20 build/led_controlling.o
                0x080007ac                ToggleAllGreenLeds
 .text.setTimer1
                0x080007cc       0x14 build/software_timer.o
                0x080007cc                setTimer1
 .text.setTimer2
                0x080007e0       0x14 build/software_timer.o
                0x080007e0                setTimer2
 .text.timerRun
                0x080007f4       0x48 build/software_timer.o
                0x080007f4                timerRun
 .text.button_reading
                0x0800083c       0x84 build/input_reading.o
                0x0800083c                button_reading
 .text.is_button_pressed
                0x080008c0       0x18 build/input_reading.o
                0x080008c0                is_button_pressed
 .text.IncreaseDurationOfLight
                0x080008d8       0x80 build/input_processing.o
                0x080008d8                IncreaseDurationOfLight
 .text.fsm_for_input_processing
                0x08000958      0x100 build/input_processing.o
                0x08000958                fsm_for_input_processing
 .text.NMI_Handler
                0x08000a58        0x2 build/stm32f1xx_it.o
                0x08000a58                NMI_Handler
 .text.HardFault_Handler
                0x08000a5a        0x2 build/stm32f1xx_it.o
                0x08000a5a                HardFault_Handler
 .text.MemManage_Handler
                0x08000a5c        0x2 build/stm32f1xx_it.o
                0x08000a5c                MemManage_Handler
 .text.BusFault_Handler
                0x08000a5e        0x2 build/stm32f1xx_it.o
                0x08000a5e                BusFault_Handler
 .text.UsageFault_Handler
                0x08000a60        0x2 build/stm32f1xx_it.o
                0x08000a60                UsageFault_Handler
 .text.SVC_Handler
                0x08000a62        0x2 build/stm32f1xx_it.o
                0x08000a62                SVC_Handler
 .text.DebugMon_Handler
                0x08000a64        0x2 build/stm32f1xx_it.o
                0x08000a64                DebugMon_Handler
 .text.PendSV_Handler
                0x08000a66        0x2 build/stm32f1xx_it.o
                0x08000a66                PendSV_Handler
 .text.SysTick_Handler
                0x08000a68        0x8 build/stm32f1xx_it.o
                0x08000a68                SysTick_Handler
 .text.TIM2_IRQHandler
                0x08000a70       0x10 build/stm32f1xx_it.o
                0x08000a70                TIM2_IRQHandler
 .text.HAL_MspInit
                0x08000a80       0x30 build/stm32f1xx_hal_msp.o
                0x08000a80                HAL_MspInit
 .text.HAL_TIM_Base_MspInit
                0x08000ab0       0x3a build/stm32f1xx_hal_msp.o
                0x08000ab0                HAL_TIM_Base_MspInit
 .text.TIM_TI1_ConfigInputStage
                0x08000aea       0x24 build/stm32f1xx_hal_tim.o
 .text.TIM_TI2_ConfigInputStage
                0x08000b0e       0x26 build/stm32f1xx_hal_tim.o
 .text.TIM_ITRx_SetConfig
                0x08000b34       0x10 build/stm32f1xx_hal_tim.o
 .text.HAL_TIM_Base_Start_IT
                0x08000b44       0x60 build/stm32f1xx_hal_tim.o
                0x08000b44                HAL_TIM_Base_Start_IT
 .text.HAL_TIM_OC_DelayElapsedCallback
                0x08000ba4        0x2 build/stm32f1xx_hal_tim.o
                0x08000ba4                HAL_TIM_OC_DelayElapsedCallback
 .text.HAL_TIM_IC_CaptureCallback
                0x08000ba6        0x2 build/stm32f1xx_hal_tim.o
                0x08000ba6                HAL_TIM_IC_CaptureCallback
 .text.HAL_TIM_PWM_PulseFinishedCallback
                0x08000ba8        0x2 build/stm32f1xx_hal_tim.o
                0x08000ba8                HAL_TIM_PWM_PulseFinishedCallback
 .text.HAL_TIM_TriggerCallback
                0x08000baa        0x2 build/stm32f1xx_hal_tim.o
                0x08000baa                HAL_TIM_TriggerCallback
 .text.HAL_TIM_IRQHandler
                0x08000bac      0x17a build/stm32f1xx_hal_tim.o
                0x08000bac                HAL_TIM_IRQHandler
 *fill*         0x08000d26        0x2 
 .text.TIM_Base_SetConfig
                0x08000d28       0x64 build/stm32f1xx_hal_tim.o
                0x08000d28                TIM_Base_SetConfig
 .text.HAL_TIM_Base_Init
                0x08000d8c       0x58 build/stm32f1xx_hal_tim.o
                0x08000d8c                HAL_TIM_Base_Init
 .text.TIM_ETR_SetConfig
                0x08000de4       0x18 build/stm32f1xx_hal_tim.o
                0x08000de4                TIM_ETR_SetConfig
 .text.HAL_TIM_ConfigClockSource
                0x08000dfc       0xfe build/stm32f1xx_hal_tim.o
                0x08000dfc                HAL_TIM_ConfigClockSource
 *fill*         0x08000efa        0x2 
 .text.HAL_TIMEx_MasterConfigSynchronization
                0x08000efc       0x64 build/stm32f1xx_hal_tim_ex.o
                0x08000efc                HAL_TIMEx_MasterConfigSynchronization
 .text.HAL_TIMEx_CommutCallback
                0x08000f60        0x2 build/stm32f1xx_hal_tim_ex.o
                0x08000f60                HAL_TIMEx_CommutCallback
 .text.HAL_TIMEx_BreakCallback
                0x08000f62        0x2 build/stm32f1xx_hal_tim_ex.o
                0x08000f62                HAL_TIMEx_BreakCallback
 .text.HAL_InitTick
                0x08000f64       0x4c build/stm32f1xx_hal.o
                0x08000f64                HAL_InitTick
 .text.HAL_Init
                0x08000fb0       0x24 build/stm32f1xx_hal.o
                0x08000fb0                HAL_Init
 .text.HAL_IncTick
                0x08000fd4       0x18 build/stm32f1xx_hal.o
                0x08000fd4                HAL_IncTick
 .text.HAL_GetTick
                0x08000fec        0xc build/stm32f1xx_hal.o
                0x08000fec                HAL_GetTick
 .text.RCC_Delay
                0x08000ff8       0x2c build/stm32f1xx_hal_rcc.o
 .text.HAL_RCC_OscConfig
                0x08001024      0x410 build/stm32f1xx_hal_rcc.o
                0x08001024                HAL_RCC_OscConfig
 .text.HAL_RCC_GetSysClockFreq
                0x08001434       0x54 build/stm32f1xx_hal_rcc.o
                0x08001434                HAL_RCC_GetSysClockFreq
 .text.HAL_RCC_ClockConfig
                0x08001488      0x16c build/stm32f1xx_hal_rcc.o
                0x08001488                HAL_RCC_ClockConfig
 .text.HAL_GPIO_Init
                0x080015f4      0x220 build/stm32f1xx_hal_gpio.o
                0x080015f4                HAL_GPIO_Init
 .text.HAL_GPIO_ReadPin
                0x08001814        0xe build/stm32f1xx_hal_gpio.o
                0x08001814                HAL_GPIO_ReadPin
 .text.HAL_GPIO_WritePin
                0x08001822        0xc build/stm32f1xx_hal_gpio.o
                0x08001822                HAL_GPIO_WritePin
 .text.HAL_GPIO_TogglePin
                0x0800182e       0x12 build/stm32f1xx_hal_gpio.o
                0x0800182e                HAL_GPIO_TogglePin
 .text.HAL_NVIC_SetPriorityGrouping
                0x08001840       0x24 build/stm32f1xx_hal_cortex.o
                0x08001840                HAL_NVIC_SetPriorityGrouping
 .text.HAL_NVIC_SetPriority
                0x08001864       0x70 build/stm32f1xx_hal_cortex.o
                0x08001864                HAL_NVIC_SetPriority
 .text.HAL_NVIC_EnableIRQ
                0x080018d4       0x1c build/stm32f1xx_hal_cortex.o
                0x080018d4                HAL_NVIC_EnableIRQ
 .text.HAL_SYSTICK_Config
                0x080018f0       0x28 build/stm32f1xx_hal_cortex.o
                0x080018f0                HAL_SYSTICK_Config
 .text.SystemInit
                0x08001918        0x2 build/system_stm32f1xx.o
                0x08001918                SystemInit
 *fill*         0x0800191a        0x2 
 .text.Reset_Handler
                0x0800191c       0x48 build/startup_stm32f103x6.o
                0x0800191c                Reset_Handler
 .text.Default_Handler
                0x08001964        0x2 build/startup_stm32f103x6.o
                0x08001964                RTC_Alarm_IRQHandler
                0x08001964                EXTI2_IRQHandler
                0x08001964                TIM1_CC_IRQHandler
                0x08001964                PVD_IRQHandler
                0x08001964                EXTI3_IRQHandler
                0x08001964                EXTI0_IRQHandler
                0x08001964                ADC1_2_IRQHandler
                0x08001964                SPI1_IRQHandler
                0x08001964                TAMPER_IRQHandler
                0x08001964                DMA1_Channel4_IRQHandler
                0x08001964                RTC_IRQHandler
                0x08001964                DMA1_Channel7_IRQHandler
                0x08001964                CAN1_RX1_IRQHandler
                0x08001964                I2C1_EV_IRQHandler
                0x08001964                DMA1_Channel6_IRQHandler
                0x08001964                TIM3_IRQHandler
                0x08001964                RCC_IRQHandler
                0x08001964                TIM1_TRG_COM_IRQHandler
                0x08001964                DMA1_Channel1_IRQHandler
                0x08001964                Default_Handler
                0x08001964                EXTI15_10_IRQHandler
                0x08001964                EXTI9_5_IRQHandler
                0x08001964                DMA1_Channel5_IRQHandler
                0x08001964                EXTI4_IRQHandler
                0x08001964                USB_LP_CAN1_RX0_IRQHandler
                0x08001964                USB_HP_CAN1_TX_IRQHandler
                0x08001964                DMA1_Channel3_IRQHandler
                0x08001964                TIM1_UP_IRQHandler
                0x08001964                WWDG_IRQHandler
                0x08001964                TIM1_BRK_IRQHandler
                0x08001964                EXTI1_IRQHandler
                0x08001964                USART2_IRQHandler
                0x08001964                DMA1_Channel2_IRQHandler
                0x08001964                CAN1_SCE_IRQHandler
                0x08001964                FLASH_IRQHandler
                0x08001964                USART1_IRQHandler
                0x08001964                I2C1_ER_IRQHandler
                0x08001964                USBWakeUp_IRQHandler
 *fill*         0x08001966        0x2 
 .text.__libc_init_array
                0x08001968       0x48 c:/program files (x86)/gnu arm embedded toolchain/10 2021.10/bin/../lib/gcc/arm-none-eabi/10.3.1/../../../../arm-none-eabi/lib/thumb/v7-m/nofp\libc_nano.a(lib_a-init.o)
                0x08001968                __libc_init_array
 .text.memset   0x080019b0       0x10 c:/program files (x86)/gnu arm embedded toolchain/10 2021.10/bin/../lib/gcc/arm-none-eabi/10.3.1/../../../../arm-none-eabi/lib/thumb/v7-m/nofp\libc_nano.a(lib_a-memset.o)
                0x080019b0                memset
 *(.glue_7)
 .glue_7        0x080019c0        0x0 linker stubs
 *(.glue_7t)
 .glue_7t       0x080019c0        0x0 linker stubs
 *(.eh_frame)
 .eh_frame      0x080019c0        0x0 c:/program files (x86)/gnu arm embedded toolchain/10 2021.10/bin/../lib/gcc/arm-none-eabi/10.3.1/thumb/v7-m/nofp/crtbegin.o
 *(.init)
 .init          0x080019c0        0x4 c:/program files (x86)/gnu arm embedded toolchain/10 2021.10/bin/../lib/gcc/arm-none-eabi/10.3.1/thumb/v7-m/nofp/crti.o
                0x080019c0                _init
 .init          0x080019c4        0x8 c:/program files (x86)/gnu arm embedded toolchain/10 2021.10/bin/../lib/gcc/arm-none-eabi/10.3.1/thumb/v7-m/nofp/crtn.o
 *(.fini)
 .fini          0x080019cc        0x4 c:/program files (x86)/gnu arm embedded toolchain/10 2021.10/bin/../lib/gcc/arm-none-eabi/10.3.1/thumb/v7-m/nofp/crti.o
                0x080019cc                _fini
 .fini          0x080019d0        0x8 c:/program files (x86)/gnu arm embedded toolchain/10 2021.10/bin/../lib/gcc/arm-none-eabi/10.3.1/thumb/v7-m/nofp/crtn.o
                0x080019d8                . = ALIGN (0x4)
                0x080019d8                _etext = .

.vfp11_veneer   0x080019d8        0x0
 .vfp11_veneer  0x080019d8        0x0 linker stubs

.v4_bx          0x080019d8        0x0
 .v4_bx         0x080019d8        0x0 linker stubs

.iplt           0x080019d8        0x0
 .iplt          0x080019d8        0x0 c:/program files (x86)/gnu arm embedded toolchain/10 2021.10/bin/../lib/gcc/arm-none-eabi/10.3.1/thumb/v7-m/nofp/crtbegin.o

.rodata         0x080019d8       0x38
                0x080019d8                . = ALIGN (0x4)
 *(.rodata)
 *(.rodata*)
 .rodata.ButtonPin
                0x080019d8        0x6 build/input_reading.o
 *fill*         0x080019de        0x2 
 .rodata.ButtonPort
                0x080019e0        0xc build/input_reading.o
 .rodata.aPLLMULFactorTable.1
                0x080019ec       0x10 build/stm32f1xx_hal_rcc.o
 .rodata.aPredivFactorTable.0
                0x080019fc        0x2 build/stm32f1xx_hal_rcc.o
 *fill*         0x080019fe        0x2 
 .rodata.AHBPrescTable
                0x08001a00       0x10 build/system_stm32f1xx.o
                0x08001a00                AHBPrescTable
                0x08001a10                . = ALIGN (0x4)

.rel.dyn        0x08001a10        0x0
 .rel.iplt      0x08001a10        0x0 c:/program files (x86)/gnu arm embedded toolchain/10 2021.10/bin/../lib/gcc/arm-none-eabi/10.3.1/thumb/v7-m/nofp/crtbegin.o

.ARM.extab
 *(.ARM.extab* .gnu.linkonce.armextab.*)

.ARM            0x08001a10        0x0
                0x08001a10                __exidx_start = .
 *(.ARM.exidx*)
                0x08001a10                __exidx_end = .

.preinit_array  0x08001a10        0x0
                0x08001a10                PROVIDE (__preinit_array_start = .)
 *(.preinit_array*)
                0x08001a10                PROVIDE (__preinit_array_end = .)

.init_array     0x08001a10        0x4
                0x08001a10                PROVIDE (__init_array_start = .)
 *(SORT_BY_NAME(.init_array.*))
 *(.init_array*)
 .init_array    0x08001a10        0x4 c:/program files (x86)/gnu arm embedded toolchain/10 2021.10/bin/../lib/gcc/arm-none-eabi/10.3.1/thumb/v7-m/nofp/crtbegin.o
                0x08001a14                PROVIDE (__init_array_end = .)

.fini_array     0x08001a14        0x4
                [!provide]                PROVIDE (__fini_array_start = .)
 *(SORT_BY_NAME(.fini_array.*))
 *(.fini_array*)
 .fini_array    0x08001a14        0x4 c:/program files (x86)/gnu arm embedded toolchain/10 2021.10/bin/../lib/gcc/arm-none-eabi/10.3.1/thumb/v7-m/nofp/crtbegin.o
                [!provide]                PROVIDE (__fini_array_end = .)
                0x08001a18                _sidata = LOADADDR (.data)

.data           0x20000000       0x10 load address 0x08001a18
                0x20000000                . = ALIGN (0x4)
                0x20000000                _sdata = .
 *(.data)
 *(.data*)
 .data.durationOfGreen
                0x20000000        0x1 build/input_processing.o
                0x20000000                durationOfGreen
 .data.durationOfRed
                0x20000001        0x1 build/input_processing.o
                0x20000001                durationOfRed
 .data.durationOfYellow
                0x20000002        0x1 build/input_processing.o
                0x20000002                durationOfYellow
 .data.modeState
                0x20000003        0x1 build/input_processing.o
                0x20000003                modeState
 .data.uwTickFreq
                0x20000004        0x1 build/stm32f1xx_hal.o
                0x20000004                uwTickFreq
 *fill*         0x20000005        0x3 
 .data.uwTickPrio
                0x20000008        0x4 build/stm32f1xx_hal.o
                0x20000008                uwTickPrio
 .data.SystemCoreClock
                0x2000000c        0x4 build/system_stm32f1xx.o
                0x2000000c                SystemCoreClock
                0x20000010                . = ALIGN (0x4)
                0x20000010                _edata = .

.igot.plt       0x20000010        0x0 load address 0x08001a28
 .igot.plt      0x20000010        0x0 c:/program files (x86)/gnu arm embedded toolchain/10 2021.10/bin/../lib/gcc/arm-none-eabi/10.3.1/thumb/v7-m/nofp/crtbegin.o
                0x20000010                . = ALIGN (0x4)

.bss            0x20000010       0x98 load address 0x08001a28
                0x20000010                _sbss = .
                0x20000010                __bss_start__ = _sbss
 *(.bss)
 .bss           0x20000010       0x1c c:/program files (x86)/gnu arm embedded toolchain/10 2021.10/bin/../lib/gcc/arm-none-eabi/10.3.1/thumb/v7-m/nofp/crtbegin.o
 *(.bss*)
 .bss.htim2     0x2000002c       0x48 build/main.o
                0x2000002c                htim2
 .bss.segLedIndex
                0x20000074        0x1 build/main.o
                0x20000074                segLedIndex
 *fill*         0x20000075        0x3 
 .bss.timer1_counter
                0x20000078        0x4 build/software_timer.o
                0x20000078                timer1_counter
 .bss.timer1_flag
                0x2000007c        0x4 build/software_timer.o
                0x2000007c                timer1_flag
 .bss.timer2_counter
                0x20000080        0x4 build/software_timer.o
                0x20000080                timer2_counter
 .bss.timer2_flag
                0x20000084        0x4 build/software_timer.o
                0x20000084                timer2_flag
 .bss.buttonBuffer
                0x20000088        0x3 build/input_reading.o
                0x20000088                buttonBuffer
 *fill*         0x2000008b        0x1 
 .bss.counterForButtonPress1s
                0x2000008c        0x6 build/input_reading.o
                0x2000008c                counterForButtonPress1s
 *fill*         0x20000092        0x2 
 .bss.debounceButtonBuffer1
                0x20000094        0x3 build/input_reading.o
                0x20000094                debounceButtonBuffer1
 *fill*         0x20000097        0x1 
 .bss.debounceButtonBuffer2
                0x20000098        0x3 build/input_reading.o
                0x20000098                debounceButtonBuffer2
 *fill*         0x2000009b        0x1 
 .bss.flagForButtonPress1s
                0x2000009c        0x3 build/input_reading.o
                0x2000009c                flagForButtonPress1s
 *fill*         0x2000009f        0x1 
 .bss.buttonState
                0x200000a0        0x3 build/input_processing.o
                0x200000a0                buttonState
 *fill*         0x200000a3        0x1 
 .bss.uwTick    0x200000a4        0x4 build/stm32f1xx_hal.o
                0x200000a4                uwTick
 *(COMMON)
                0x200000a8                . = ALIGN (0x4)
                0x200000a8                _ebss = .
                0x200000a8                __bss_end__ = _ebss

._user_heap_stack
                0x200000a8      0x600 load address 0x08001a28
                0x200000a8                . = ALIGN (0x8)
                [!provide]                PROVIDE (end = .)
                [!provide]                PROVIDE (_end = .)
                0x200002a8                . = (. + _Min_Heap_Size)
 *fill*         0x200000a8      0x200 
                0x200006a8                . = (. + _Min_Stack_Size)
 *fill*         0x200002a8      0x400 
                0x200006a8                . = ALIGN (0x8)

/DISCARD/
 libc.a(*)
 libm.a(*)
 libgcc.a(*)

.ARM.attributes
                0x00000000       0x29
 *(.ARM.attributes)
 .ARM.attributes
                0x00000000       0x1d c:/program files (x86)/gnu arm embedded toolchain/10 2021.10/bin/../lib/gcc/arm-none-eabi/10.3.1/thumb/v7-m/nofp/crti.o
 .ARM.attributes
                0x0000001d       0x2d c:/program files (x86)/gnu arm embedded toolchain/10 2021.10/bin/../lib/gcc/arm-none-eabi/10.3.1/thumb/v7-m/nofp/crtbegin.o
 .ARM.attributes
                0x0000004a       0x2d build/main.o
 .ARM.attributes
                0x00000077       0x2d build/led_controlling.o
 .ARM.attributes
                0x000000a4       0x2d build/software_timer.o
 .ARM.attributes
                0x000000d1       0x2d build/input_reading.o
 .ARM.attributes
                0x000000fe       0x2d build/input_processing.o
 .ARM.attributes
                0x0000012b       0x2d build/stm32f1xx_it.o
 .ARM.attributes
                0x00000158       0x2d build/stm32f1xx_hal_msp.o
 .ARM.attributes
                0x00000185       0x2d build/stm32f1xx_hal_tim.o
 .ARM.attributes
                0x000001b2       0x2d build/stm32f1xx_hal_tim_ex.o
 .ARM.attributes
                0x000001df       0x2d build/stm32f1xx_hal.o
 .ARM.attributes
                0x0000020c       0x2d build/stm32f1xx_hal_rcc.o
 .ARM.attributes
                0x00000239       0x2d build/stm32f1xx_hal_gpio.o
 .ARM.attributes
                0x00000266       0x2d build/stm32f1xx_hal_cortex.o
 .ARM.attributes
                0x00000293       0x2d build/system_stm32f1xx.o
 .ARM.attributes
                0x000002c0       0x21 build/startup_stm32f103x6.o
 .ARM.attributes
                0x000002e1       0x2d c:/program files (x86)/gnu arm embedded toolchain/10 2021.10/bin/../lib/gcc/arm-none-eabi/10.3.1/../../../../arm-none-eabi/lib/thumb/v7-m/nofp\libc_nano.a(lib_a-init.o)
 .ARM.attributes
                0x0000030e       0x2d c:/program files (x86)/gnu arm embedded toolchain/10 2021.10/bin/../lib/gcc/arm-none-eabi/10.3.1/../../../../arm-none-eabi/lib/thumb/v7-m/nofp\libc_nano.a(lib_a-memset.o)
 .ARM.attributes
                0x0000033b       0x1d c:/program files (x86)/gnu arm embedded toolchain/10 2021.10/bin/../lib/gcc/arm-none-eabi/10.3.1/thumb/v7-m/nofp/crtn.o
OUTPUT(build/Lab3.elf elf32-littlearm)
LOAD linker stubs
LOAD c:/program files (x86)/gnu arm embedded toolchain/10 2021.10/bin/../lib/gcc/arm-none-eabi/10.3.1/../../../../arm-none-eabi/lib/thumb/v7-m/nofp\libc.a
LOAD c:/program files (x86)/gnu arm embedded toolchain/10 2021.10/bin/../lib/gcc/arm-none-eabi/10.3.1/../../../../arm-none-eabi/lib/thumb/v7-m/nofp\libm.a
LOAD c:/program files (x86)/gnu arm embedded toolchain/10 2021.10/bin/../lib/gcc/arm-none-eabi/10.3.1/thumb/v7-m/nofp\libgcc.a

.debug_info     0x00000000     0xbb08
 .debug_info    0x00000000     0x12c5 build/main.o
 .debug_info    0x000012c5      0x974 build/led_controlling.o
 .debug_info    0x00001c39       0xf1 build/software_timer.o
 .debug_info    0x00001d2a      0x2da build/input_reading.o
 .debug_info    0x00002004      0x291 build/input_processing.o
 .debug_info    0x00002295      0x7ae build/stm32f1xx_it.o
 .debug_info    0x00002a43      0x9a5 build/stm32f1xx_hal_msp.o
 .debug_info    0x000033e8     0x404a build/stm32f1xx_hal_tim.o
 .debug_info    0x00007432     0x1c39 build/stm32f1xx_hal_tim_ex.o
 .debug_info    0x0000906b      0x837 build/stm32f1xx_hal.o
 .debug_info    0x000098a2      0xaf0 build/stm32f1xx_hal_rcc.o
 .debug_info    0x0000a392      0x6d7 build/stm32f1xx_hal_gpio.o
 .debug_info    0x0000aa69      0xe0f build/stm32f1xx_hal_cortex.o
 .debug_info    0x0000b878      0x26e build/system_stm32f1xx.o
 .debug_info    0x0000bae6       0x22 build/startup_stm32f103x6.o

.debug_abbrev   0x00000000     0x1aee
 .debug_abbrev  0x00000000      0x2bf build/main.o
 .debug_abbrev  0x000002bf      0x123 build/led_controlling.o
 .debug_abbrev  0x000003e2       0xc2 build/software_timer.o
 .debug_abbrev  0x000004a4      0x157 build/input_reading.o
 .debug_abbrev  0x000005fb      0x115 build/input_processing.o
 .debug_abbrev  0x00000710      0x17c build/stm32f1xx_it.o
 .debug_abbrev  0x0000088c      0x1aa build/stm32f1xx_hal_msp.o
 .debug_abbrev  0x00000a36      0x29d build/stm32f1xx_hal_tim.o
 .debug_abbrev  0x00000cd3      0x29f build/stm32f1xx_hal_tim_ex.o
 .debug_abbrev  0x00000f72      0x1f7 build/stm32f1xx_hal.o
 .debug_abbrev  0x00001169      0x2b8 build/stm32f1xx_hal_rcc.o
 .debug_abbrev  0x00001421      0x222 build/stm32f1xx_hal_gpio.o
 .debug_abbrev  0x00001643      0x359 build/stm32f1xx_hal_cortex.o
 .debug_abbrev  0x0000199c      0x140 build/system_stm32f1xx.o
 .debug_abbrev  0x00001adc       0x12 build/startup_stm32f103x6.o

.debug_loc      0x00000000     0x9e55
 .debug_loc     0x00000000      0x27f build/main.o
 .debug_loc     0x0000027f      0x566 build/led_controlling.o
 .debug_loc     0x000007e5       0xd4 build/input_reading.o
 .debug_loc     0x000008b9       0x20 build/input_processing.o
 .debug_loc     0x000008d9       0x40 build/stm32f1xx_it.o
 .debug_loc     0x00000919       0xeb build/stm32f1xx_hal_msp.o
 .debug_loc     0x00000a04     0x5c5e build/stm32f1xx_hal_tim.o
 .debug_loc     0x00006662     0x20f3 build/stm32f1xx_hal_tim_ex.o
 .debug_loc     0x00008755      0x1e1 build/stm32f1xx_hal.o
 .debug_loc     0x00008936      0x790 build/stm32f1xx_hal_rcc.o
 .debug_loc     0x000090c6      0x511 build/stm32f1xx_hal_gpio.o
 .debug_loc     0x000095d7      0x77f build/stm32f1xx_hal_cortex.o
 .debug_loc     0x00009d56       0xff build/system_stm32f1xx.o

.debug_aranges  0x00000000      0x9f0
 .debug_aranges
                0x00000000       0x50 build/main.o
 .debug_aranges
                0x00000050       0xa0 build/led_controlling.o
 .debug_aranges
                0x000000f0       0x30 build/software_timer.o
 .debug_aranges
                0x00000120       0x30 build/input_reading.o
 .debug_aranges
                0x00000150       0x28 build/input_processing.o
 .debug_aranges
                0x00000178       0x68 build/stm32f1xx_it.o
 .debug_aranges
                0x000001e0       0x30 build/stm32f1xx_hal_msp.o
 .debug_aranges
                0x00000210      0x3d0 build/stm32f1xx_hal_tim.o
 .debug_aranges
                0x000005e0      0x168 build/stm32f1xx_hal_tim_ex.o
 .debug_aranges
                0x00000748       0xe0 build/stm32f1xx_hal.o
 .debug_aranges
                0x00000828       0x90 build/stm32f1xx_hal_rcc.o
 .debug_aranges
                0x000008b8       0x58 build/stm32f1xx_hal_gpio.o
 .debug_aranges
                0x00000910       0x90 build/stm32f1xx_hal_cortex.o
 .debug_aranges
                0x000009a0       0x28 build/system_stm32f1xx.o
 .debug_aranges
                0x000009c8       0x28 build/startup_stm32f103x6.o

.debug_ranges   0x00000000      0x988
 .debug_ranges  0x00000000       0x40 build/main.o
 .debug_ranges  0x00000040       0x90 build/led_controlling.o
 .debug_ranges  0x000000d0       0x20 build/software_timer.o
 .debug_ranges  0x000000f0       0x20 build/input_reading.o
 .debug_ranges  0x00000110       0x18 build/input_processing.o
 .debug_ranges  0x00000128       0x58 build/stm32f1xx_it.o
 .debug_ranges  0x00000180       0x20 build/stm32f1xx_hal_msp.o
 .debug_ranges  0x000001a0      0x3c0 build/stm32f1xx_hal_tim.o
 .debug_ranges  0x00000560      0x158 build/stm32f1xx_hal_tim_ex.o
 .debug_ranges  0x000006b8       0xd0 build/stm32f1xx_hal.o
 .debug_ranges  0x00000788       0xa0 build/stm32f1xx_hal_rcc.o
 .debug_ranges  0x00000828       0x48 build/stm32f1xx_hal_gpio.o
 .debug_ranges  0x00000870       0xe0 build/stm32f1xx_hal_cortex.o
 .debug_ranges  0x00000950       0x18 build/system_stm32f1xx.o
 .debug_ranges  0x00000968       0x20 build/startup_stm32f103x6.o

.debug_line     0x00000000     0x9a12
 .debug_line    0x00000000      0x5f7 build/main.o
 .debug_line    0x000005f7      0x3b0 build/led_controlling.o
 .debug_line    0x000009a7       0xfb build/software_timer.o
 .debug_line    0x00000aa2      0x27e build/input_reading.o
 .debug_line    0x00000d20      0x302 build/input_processing.o
 .debug_line    0x00001022      0x2e3 build/stm32f1xx_it.o
 .debug_line    0x00001305      0x250 build/stm32f1xx_hal_msp.o
 .debug_line    0x00001555     0x4926 build/stm32f1xx_hal_tim.o
 .debug_line    0x00005e7b     0x1bb4 build/stm32f1xx_hal_tim_ex.o
 .debug_line    0x00007a2f      0x526 build/stm32f1xx_hal.o
 .debug_line    0x00007f55      0xc16 build/stm32f1xx_hal_rcc.o
 .debug_line    0x00008b6b      0x5c4 build/stm32f1xx_hal_gpio.o
 .debug_line    0x0000912f      0x631 build/stm32f1xx_hal_cortex.o
 .debug_line    0x00009760      0x23e build/system_stm32f1xx.o
 .debug_line    0x0000999e       0x74 build/startup_stm32f103x6.o

.debug_str      0x00000000     0x2f3c
 .debug_str     0x00000000      0xb3a build/main.o
                                0xc01 (size before relaxing)
 .debug_str     0x00000b3a       0x9b build/led_controlling.o
                                0x2db (size before relaxing)
 .debug_str     0x00000bd5       0x41 build/software_timer.o
                                0x148 (size before relaxing)
 .debug_str     0x00000c16       0xcc build/input_reading.o
                                0x294 (size before relaxing)
 .debug_str     0x00000ce2       0x8d build/input_processing.o
                                0x2b9 (size before relaxing)
 .debug_str     0x00000d6f       0xd7 build/stm32f1xx_it.o
                                0x707 (size before relaxing)
 .debug_str     0x00000e46      0x336 build/stm32f1xx_hal_msp.o
                                0x9a6 (size before relaxing)
 .debug_str     0x0000117c      0xe59 build/stm32f1xx_hal_tim.o
                               0x1633 (size before relaxing)
 .debug_str     0x00001fd5      0x521 build/stm32f1xx_hal_tim_ex.o
                                0xe34 (size before relaxing)
 .debug_str     0x000024f6      0x309 build/stm32f1xx_hal.o
                                0x7de (size before relaxing)
 .debug_str     0x000027ff      0x1fe build/stm32f1xx_hal_rcc.o
                                0x61f (size before relaxing)
 .debug_str     0x000029fd      0x131 build/stm32f1xx_hal_gpio.o
                                0x3f4 (size before relaxing)
 .debug_str     0x00002b2e      0x39b build/stm32f1xx_hal_cortex.o
                                0x88d (size before relaxing)
 .debug_str     0x00002ec9       0x4f build/system_stm32f1xx.o
                                0x248 (size before relaxing)
 .debug_str     0x00002f18       0x24 build/startup_stm32f103x6.o
                                 0x67 (size before relaxing)

.comment        0x00000000       0x49
 .comment       0x00000000       0x49 build/main.o
                                 0x4a (size before relaxing)
 .comment       0x00000049       0x4a build/led_controlling.o
 .comment       0x00000049       0x4a build/software_timer.o
 .comment       0x00000049       0x4a build/input_reading.o
 .comment       0x00000049       0x4a build/input_processing.o
 .comment       0x00000049       0x4a build/stm32f1xx_it.o
 .comment       0x00000049       0x4a build/stm32f1xx_hal_msp.o
 .comment       0x00000049       0x4a build/stm32f1xx_hal_tim.o
 .comment       0x00000049       0x4a build/stm32f1xx_hal_tim_ex.o
 .comment       0x00000049       0x4a build/stm32f1xx_hal.o
 .comment       0x00000049       0x4a build/stm32f1xx_hal_rcc.o
 .comment       0x00000049       0x4a build/stm32f1xx_hal_gpio.o
 .comment       0x00000049       0x4a build/stm32f1xx_hal_cortex.o
 .comment       0x00000049       0x4a build/system_stm32f1xx.o

.debug_frame    0x00000000     0x1960
 .debug_frame   0x00000000       0xdc build/main.o
 .debug_frame   0x000000dc      0x1b8 build/led_controlling.o
 .debug_frame   0x00000294       0x40 build/software_timer.o
 .debug_frame   0x000002d4       0x50 build/input_reading.o
 .debug_frame   0x00000324       0x38 build/input_processing.o
 .debug_frame   0x0000035c       0xc0 build/stm32f1xx_it.o
 .debug_frame   0x0000041c       0x5c build/stm32f1xx_hal_msp.o
 .debug_frame   0x00000478      0xb18 build/stm32f1xx_hal_tim.o
 .debug_frame   0x00000f90      0x40c build/stm32f1xx_hal_tim_ex.o
 .debug_frame   0x0000139c      0x1cc build/stm32f1xx_hal.o
 .debug_frame   0x00001568      0x184 build/stm32f1xx_hal_rcc.o
 .debug_frame   0x000016ec       0xe0 build/stm32f1xx_hal_gpio.o
 .debug_frame   0x000017cc      0x118 build/stm32f1xx_hal_cortex.o
 .debug_frame   0x000018e4       0x30 build/system_stm32f1xx.o
 .debug_frame   0x00001914       0x2c c:/program files (x86)/gnu arm embedded toolchain/10 2021.10/bin/../lib/gcc/arm-none-eabi/10.3.1/../../../../arm-none-eabi/lib/thumb/v7-m/nofp\libc_nano.a(lib_a-init.o)
 .debug_frame   0x00001940       0x20 c:/program files (x86)/gnu arm embedded toolchain/10 2021.10/bin/../lib/gcc/arm-none-eabi/10.3.1/../../../../arm-none-eabi/lib/thumb/v7-m/nofp\libc_nano.a(lib_a-memset.o)

Cross Reference Table

Symbol                                            File
ADC1_2_IRQHandler                                 build/startup_stm32f103x6.o
AHBPrescTable                                     build/system_stm32f1xx.o
                                                  build/stm32f1xx_hal_rcc.o
APBPrescTable                                     build/system_stm32f1xx.o
                                                  build/stm32f1xx_hal_rcc.o
BusFault_Handler                                  build/stm32f1xx_it.o
CAN1_RX1_IRQHandler                               build/startup_stm32f103x6.o
CAN1_SCE_IRQHandler                               build/startup_stm32f103x6.o
DMA1_Channel1_IRQHandler                          build/startup_stm32f103x6.o
DMA1_Channel2_IRQHandler                          build/startup_stm32f103x6.o
DMA1_Channel3_IRQHandler                          build/startup_stm32f103x6.o
DMA1_Channel4_IRQHandler                          build/startup_stm32f103x6.o
DMA1_Channel5_IRQHandler                          build/startup_stm32f103x6.o
DMA1_Channel6_IRQHandler                          build/startup_stm32f103x6.o
DMA1_Channel7_IRQHandler                          build/startup_stm32f103x6.o
DebugMon_Handler                                  build/stm32f1xx_it.o
Default_Handler                                   build/startup_stm32f103x6.o
Disable7SEG                                       build/led_controlling.o
                                                  build/main.o
DisableAllSegs                                    build/led_controlling.o
                                                  build/main.o
DisableSeg0                                       build/led_controlling.o
DisableSeg1                                       build/led_controlling.o
DisableSeg2                                       build/led_controlling.o
DisableSeg3                                       build/led_controlling.o
DisplayNum                                        build/led_controlling.o
EXTI0_IRQHandler                                  build/startup_stm32f103x6.o
EXTI15_10_IRQHandler                              build/startup_stm32f103x6.o
EXTI1_IRQHandler                                  build/startup_stm32f103x6.o
EXTI2_IRQHandler                                  build/startup_stm32f103x6.o
EXTI3_IRQHandler                                  build/startup_stm32f103x6.o
EXTI4_IRQHandler                                  build/startup_stm32f103x6.o
EXTI9_5_IRQHandler                                build/startup_stm32f103x6.o
Enable7SEG                                        build/led_controlling.o
                                                  build/main.o
EnableSeg0                                        build/led_controlling.o
EnableSeg1                                        build/led_controlling.o
EnableSeg2                                        build/led_controlling.o
EnableSeg3                                        build/led_controlling.o
Error_Handler                                     build/main.o
FLASH_IRQHandler                                  build/startup_stm32f103x6.o
FLASH_PageErase                                   build/stm32f1xx_hal_flash_ex.o
                                                  build/stm32f1xx_hal_flash.o
FLASH_WaitForLastOperation                        build/stm32f1xx_hal_flash.o
                                                  build/stm32f1xx_hal_flash_ex.o
HAL_DBGMCU_DisableDBGSleepMode                    build/stm32f1xx_hal.o
HAL_DBGMCU_DisableDBGStandbyMode                  build/stm32f1xx_hal.o
HAL_DBGMCU_DisableDBGStopMode                     build/stm32f1xx_hal.o
HAL_DBGMCU_EnableDBGSleepMode                     build/stm32f1xx_hal.o
HAL_DBGMCU_EnableDBGStandbyMode                   build/stm32f1xx_hal.o
HAL_DBGMCU_EnableDBGStopMode                      build/stm32f1xx_hal.o
HAL_DMA_Abort                                     build/stm32f1xx_hal_dma.o
HAL_DMA_Abort_IT                                  build/stm32f1xx_hal_dma.o
                                                  build/stm32f1xx_hal_tim_ex.o
                                                  build/stm32f1xx_hal_tim.o
HAL_DMA_DeInit                                    build/stm32f1xx_hal_dma.o
HAL_DMA_GetError                                  build/stm32f1xx_hal_dma.o
HAL_DMA_GetState                                  build/stm32f1xx_hal_dma.o
HAL_DMA_IRQHandler                                build/stm32f1xx_hal_dma.o
HAL_DMA_Init                                      build/stm32f1xx_hal_dma.o
HAL_DMA_PollForTransfer                           build/stm32f1xx_hal_dma.o
HAL_DMA_RegisterCallback                          build/stm32f1xx_hal_dma.o
HAL_DMA_Start                                     build/stm32f1xx_hal_dma.o
HAL_DMA_Start_IT                                  build/stm32f1xx_hal_dma.o
                                                  build/stm32f1xx_hal_tim_ex.o
                                                  build/stm32f1xx_hal_tim.o
HAL_DMA_UnRegisterCallback                        build/stm32f1xx_hal_dma.o
HAL_DeInit                                        build/stm32f1xx_hal.o
HAL_Delay                                         build/stm32f1xx_hal.o
HAL_EXTI_ClearConfigLine                          build/stm32f1xx_hal_exti.o
HAL_EXTI_ClearPending                             build/stm32f1xx_hal_exti.o
HAL_EXTI_GenerateSWI                              build/stm32f1xx_hal_exti.o
HAL_EXTI_GetConfigLine                            build/stm32f1xx_hal_exti.o
HAL_EXTI_GetHandle                                build/stm32f1xx_hal_exti.o
HAL_EXTI_GetPending                               build/stm32f1xx_hal_exti.o
HAL_EXTI_IRQHandler                               build/stm32f1xx_hal_exti.o
HAL_EXTI_RegisterCallback                         build/stm32f1xx_hal_exti.o
HAL_EXTI_SetConfigLine                            build/stm32f1xx_hal_exti.o
HAL_FLASHEx_Erase                                 build/stm32f1xx_hal_flash_ex.o
HAL_FLASHEx_Erase_IT                              build/stm32f1xx_hal_flash_ex.o
HAL_FLASHEx_OBErase                               build/stm32f1xx_hal_flash_ex.o
HAL_FLASHEx_OBGetConfig                           build/stm32f1xx_hal_flash_ex.o
HAL_FLASHEx_OBGetUserData                         build/stm32f1xx_hal_flash_ex.o
HAL_FLASHEx_OBProgram                             build/stm32f1xx_hal_flash_ex.o
HAL_FLASH_EndOfOperationCallback                  build/stm32f1xx_hal_flash.o
HAL_FLASH_GetError                                build/stm32f1xx_hal_flash.o
HAL_FLASH_IRQHandler                              build/stm32f1xx_hal_flash.o
HAL_FLASH_Lock                                    build/stm32f1xx_hal_flash.o
HAL_FLASH_OB_Launch                               build/stm32f1xx_hal_flash.o
HAL_FLASH_OB_Lock                                 build/stm32f1xx_hal_flash.o
HAL_FLASH_OB_Unlock                               build/stm32f1xx_hal_flash.o
HAL_FLASH_OperationErrorCallback                  build/stm32f1xx_hal_flash.o
HAL_FLASH_Program                                 build/stm32f1xx_hal_flash.o
HAL_FLASH_Program_IT                              build/stm32f1xx_hal_flash.o
HAL_FLASH_Unlock                                  build/stm32f1xx_hal_flash.o
HAL_GPIOEx_ConfigEventout                         build/stm32f1xx_hal_gpio_ex.o
HAL_GPIOEx_DisableEventout                        build/stm32f1xx_hal_gpio_ex.o
HAL_GPIOEx_EnableEventout                         build/stm32f1xx_hal_gpio_ex.o
HAL_GPIO_DeInit                                   build/stm32f1xx_hal_gpio.o
HAL_GPIO_EXTI_Callback                            build/stm32f1xx_hal_gpio.o
HAL_GPIO_EXTI_IRQHandler                          build/stm32f1xx_hal_gpio.o
HAL_GPIO_Init                                     build/stm32f1xx_hal_gpio.o
                                                  build/stm32f1xx_hal_rcc.o
                                                  build/main.o
HAL_GPIO_LockPin                                  build/stm32f1xx_hal_gpio.o
HAL_GPIO_ReadPin                                  build/stm32f1xx_hal_gpio.o
                                                  build/input_reading.o
HAL_GPIO_TogglePin                                build/stm32f1xx_hal_gpio.o
                                                  build/led_controlling.o
HAL_GPIO_WritePin                                 build/stm32f1xx_hal_gpio.o
                                                  build/led_controlling.o
                                                  build/main.o
HAL_GetDEVID                                      build/stm32f1xx_hal.o
HAL_GetHalVersion                                 build/stm32f1xx_hal.o
HAL_GetREVID                                      build/stm32f1xx_hal.o
HAL_GetTick                                       build/stm32f1xx_hal.o
                                                  build/stm32f1xx_hal_flash.o
                                                  build/stm32f1xx_hal_dma.o
                                                  build/stm32f1xx_hal_rcc_ex.o
                                                  build/stm32f1xx_hal_rcc.o
HAL_GetTickFreq                                   build/stm32f1xx_hal.o
HAL_GetTickPrio                                   build/stm32f1xx_hal.o
HAL_GetUIDw0                                      build/stm32f1xx_hal.o
HAL_GetUIDw1                                      build/stm32f1xx_hal.o
HAL_GetUIDw2                                      build/stm32f1xx_hal.o
HAL_IncTick                                       build/stm32f1xx_hal.o
                                                  build/stm32f1xx_it.o
HAL_Init                                          build/stm32f1xx_hal.o
                                                  build/main.o
HAL_InitTick                                      build/stm32f1xx_hal.o
                                                  build/stm32f1xx_hal_rcc.o
HAL_MspDeInit                                     build/stm32f1xx_hal.o
HAL_MspInit                                       build/stm32f1xx_hal_msp.o
HAL_NVIC_ClearPendingIRQ                          build/stm32f1xx_hal_cortex.o
HAL_NVIC_DisableIRQ                               build/stm32f1xx_hal_cortex.o
                                                  build/stm32f1xx_hal_msp.o
HAL_NVIC_EnableIRQ                                build/stm32f1xx_hal_cortex.o
                                                  build/stm32f1xx_hal_msp.o
HAL_NVIC_GetActive                                build/stm32f1xx_hal_cortex.o
HAL_NVIC_GetPendingIRQ                            build/stm32f1xx_hal_cortex.o
HAL_NVIC_GetPriority                              build/stm32f1xx_hal_cortex.o
HAL_NVIC_GetPriorityGrouping                      build/stm32f1xx_hal_cortex.o
HAL_NVIC_SetPendingIRQ                            build/stm32f1xx_hal_cortex.o
HAL_NVIC_SetPriority                              build/stm32f1xx_hal_cortex.o
                                                  build/stm32f1xx_hal.o
                                                  build/stm32f1xx_hal_msp.o
HAL_NVIC_SetPriorityGrouping                      build/stm32f1xx_hal_cortex.o
                                                  build/stm32f1xx_hal.o
HAL_NVIC_SystemReset                              build/stm32f1xx_hal_cortex.o
                                                  build/stm32f1xx_hal_flash.o
HAL_PWR_ConfigPVD                                 build/stm32f1xx_hal_pwr.o
HAL_PWR_DeInit                                    build/stm32f1xx_hal_pwr.o
HAL_PWR_DisableBkUpAccess                         build/stm32f1xx_hal_pwr.o
HAL_PWR_DisablePVD                                build/stm32f1xx_hal_pwr.o
HAL_PWR_DisableSEVOnPend                          build/stm32f1xx_hal_pwr.o
HAL_PWR_DisableSleepOnExit                        build/stm32f1xx_hal_pwr.o
HAL_PWR_DisableWakeUpPin                          build/stm32f1xx_hal_pwr.o
HAL_PWR_EnableBkUpAccess                          build/stm32f1xx_hal_pwr.o
HAL_PWR_EnablePVD                                 build/stm32f1xx_hal_pwr.o
HAL_PWR_EnableSEVOnPend                           build/stm32f1xx_hal_pwr.o
HAL_PWR_EnableSleepOnExit                         build/stm32f1xx_hal_pwr.o
HAL_PWR_EnableWakeUpPin                           build/stm32f1xx_hal_pwr.o
HAL_PWR_EnterSLEEPMode                            build/stm32f1xx_hal_pwr.o
HAL_PWR_EnterSTANDBYMode                          build/stm32f1xx_hal_pwr.o
HAL_PWR_EnterSTOPMode                             build/stm32f1xx_hal_pwr.o
HAL_PWR_PVDCallback                               build/stm32f1xx_hal_pwr.o
HAL_PWR_PVD_IRQHandler                            build/stm32f1xx_hal_pwr.o
HAL_RCCEx_GetPeriphCLKConfig                      build/stm32f1xx_hal_rcc_ex.o
HAL_RCCEx_GetPeriphCLKFreq                        build/stm32f1xx_hal_rcc_ex.o
HAL_RCCEx_PeriphCLKConfig                         build/stm32f1xx_hal_rcc_ex.o
HAL_RCC_CSSCallback                               build/stm32f1xx_hal_rcc.o
HAL_RCC_ClockConfig                               build/stm32f1xx_hal_rcc.o
                                                  build/main.o
HAL_RCC_DeInit                                    build/stm32f1xx_hal_rcc.o
HAL_RCC_DisableCSS                                build/stm32f1xx_hal_rcc.o
HAL_RCC_EnableCSS                                 build/stm32f1xx_hal_rcc.o
HAL_RCC_GetClockConfig                            build/stm32f1xx_hal_rcc.o
HAL_RCC_GetHCLKFreq                               build/stm32f1xx_hal_rcc.o
HAL_RCC_GetOscConfig                              build/stm32f1xx_hal_rcc.o
HAL_RCC_GetPCLK1Freq                              build/stm32f1xx_hal_rcc.o
HAL_RCC_GetPCLK2Freq                              build/stm32f1xx_hal_rcc.o
                                                  build/stm32f1xx_hal_rcc_ex.o
HAL_RCC_GetSysClockFreq                           build/stm32f1xx_hal_rcc.o
HAL_RCC_MCOConfig                                 build/stm32f1xx_hal_rcc.o
HAL_RCC_NMI_IRQHandler                            build/stm32f1xx_hal_rcc.o
HAL_RCC_OscConfig                                 build/stm32f1xx_hal_rcc.o
                                                  build/main.o
HAL_ResumeTick                                    build/stm32f1xx_hal.o
HAL_SYSTICK_CLKSourceConfig                       build/stm32f1xx_hal_cortex.o
HAL_SYSTICK_Callback                              build/stm32f1xx_hal_cortex.o
HAL_SYSTICK_Config                                build/stm32f1xx_hal_cortex.o
                                                  build/stm32f1xx_hal.o
HAL_SYSTICK_IRQHandler                            build/stm32f1xx_hal_cortex.o
HAL_SetTickFreq                                   build/stm32f1xx_hal.o
HAL_SuspendTick                                   build/stm32f1xx_hal.o
HAL_TIMEx_BreakCallback                           build/stm32f1xx_hal_tim_ex.o
                                                  build/stm32f1xx_hal_tim.o
HAL_TIMEx_CommutCallback                          build/stm32f1xx_hal_tim_ex.o
                                                  build/stm32f1xx_hal_tim.o
HAL_TIMEx_CommutHalfCpltCallback                  build/stm32f1xx_hal_tim_ex.o
HAL_TIMEx_ConfigBreakDeadTime                     build/stm32f1xx_hal_tim_ex.o
HAL_TIMEx_ConfigCommutEvent                       build/stm32f1xx_hal_tim_ex.o
HAL_TIMEx_ConfigCommutEvent_DMA                   build/stm32f1xx_hal_tim_ex.o
HAL_TIMEx_ConfigCommutEvent_IT                    build/stm32f1xx_hal_tim_ex.o
HAL_TIMEx_GetChannelNState                        build/stm32f1xx_hal_tim_ex.o
HAL_TIMEx_HallSensor_DeInit                       build/stm32f1xx_hal_tim_ex.o
HAL_TIMEx_HallSensor_GetState                     build/stm32f1xx_hal_tim_ex.o
HAL_TIMEx_HallSensor_Init                         build/stm32f1xx_hal_tim_ex.o
HAL_TIMEx_HallSensor_MspDeInit                    build/stm32f1xx_hal_tim_ex.o
HAL_TIMEx_HallSensor_MspInit                      build/stm32f1xx_hal_tim_ex.o
HAL_TIMEx_HallSensor_Start                        build/stm32f1xx_hal_tim_ex.o
HAL_TIMEx_HallSensor_Start_DMA                    build/stm32f1xx_hal_tim_ex.o
HAL_TIMEx_HallSensor_Start_IT                     build/stm32f1xx_hal_tim_ex.o
HAL_TIMEx_HallSensor_Stop                         build/stm32f1xx_hal_tim_ex.o
HAL_TIMEx_HallSensor_Stop_DMA                     build/stm32f1xx_hal_tim_ex.o
HAL_TIMEx_HallSensor_Stop_IT                      build/stm32f1xx_hal_tim_ex.o
HAL_TIMEx_MasterConfigSynchronization             build/stm32f1xx_hal_tim_ex.o
                                                  build/main.o
HAL_TIMEx_OCN_Start                               build/stm32f1xx_hal_tim_ex.o
HAL_TIMEx_OCN_Start_DMA                           build/stm32f1xx_hal_tim_ex.o
HAL_TIMEx_OCN_Start_IT                            build/stm32f1xx_hal_tim_ex.o
HAL_TIMEx_OCN_Stop                                build/stm32f1xx_hal_tim_ex.o
HAL_TIMEx_OCN_Stop_DMA                            build/stm32f1xx_hal_tim_ex.o
HAL_TIMEx_OCN_Stop_IT                             build/stm32f1xx_hal_tim_ex.o
HAL_TIMEx_OnePulseN_Start                         build/stm32f1xx_hal_tim_ex.o
HAL_TIMEx_OnePulseN_Start_IT                      build/stm32f1xx_hal_tim_ex.o
HAL_TIMEx_OnePulseN_Stop                          build/stm32f1xx_hal_tim_ex.o
HAL_TIMEx_OnePulseN_Stop_IT                       build/stm32f1xx_hal_tim_ex.o
HAL_TIMEx_PWMN_Start                              build/stm32f1xx_hal_tim_ex.o
HAL_TIMEx_PWMN_Start_DMA                          build/stm32f1xx_hal_tim_ex.o
HAL_TIMEx_PWMN_Start_IT                           build/stm32f1xx_hal_tim_ex.o
HAL_TIMEx_PWMN_Stop                               build/stm32f1xx_hal_tim_ex.o
HAL_TIMEx_PWMN_Stop_DMA                           build/stm32f1xx_hal_tim_ex.o
HAL_TIMEx_PWMN_Stop_IT                            build/stm32f1xx_hal_tim_ex.o
HAL_TIMEx_RemapConfig                             build/stm32f1xx_hal_tim_ex.o
HAL_TIM_Base_DeInit                               build/stm32f1xx_hal_tim.o
HAL_TIM_Base_GetState                             build/stm32f1xx_hal_tim.o
HAL_TIM_Base_Init                                 build/stm32f1xx_hal_tim.o
                                                  build/main.o
HAL_TIM_Base_MspDeInit                            build/stm32f1xx_hal_msp.o
HAL_TIM_Base_MspInit                              build/stm32f1xx_hal_msp.o
HAL_TIM_Base_Start                                build/stm32f1xx_hal_tim.o
HAL_TIM_Base_Start_DMA                            build/stm32f1xx_hal_tim.o
HAL_TIM_Base_Start_IT                             build/stm32f1xx_hal_tim.o
                                                  build/main.o
HAL_TIM_Base_Stop                                 build/stm32f1xx_hal_tim.o
HAL_TIM_Base_Stop_DMA                             build/stm32f1xx_hal_tim.o
HAL_TIM_Base_Stop_IT                              build/stm32f1xx_hal_tim.o
HAL_TIM_ConfigClockSource                         build/stm32f1xx_hal_tim.o
                                                  build/main.o
HAL_TIM_ConfigOCrefClear                          build/stm32f1xx_hal_tim.o
HAL_TIM_ConfigTI1Input                            build/stm32f1xx_hal_tim.o
HAL_TIM_DMABurstState                             build/stm32f1xx_hal_tim.o
HAL_TIM_DMABurst_MultiReadStart                   build/stm32f1xx_hal_tim.o
HAL_TIM_DMABurst_MultiWriteStart                  build/stm32f1xx_hal_tim.o
HAL_TIM_DMABurst_ReadStart                        build/stm32f1xx_hal_tim.o
HAL_TIM_DMABurst_ReadStop                         build/stm32f1xx_hal_tim.o
HAL_TIM_DMABurst_WriteStart                       build/stm32f1xx_hal_tim.o
HAL_TIM_DMABurst_WriteStop                        build/stm32f1xx_hal_tim.o
HAL_TIM_Encoder_DeInit                            build/stm32f1xx_hal_tim.o
HAL_TIM_Encoder_GetState                          build/stm32f1xx_hal_tim.o
HAL_TIM_Encoder_Init                              build/stm32f1xx_hal_tim.o
HAL_TIM_Encoder_MspDeInit                         build/stm32f1xx_hal_tim.o
HAL_TIM_Encoder_MspInit                           build/stm32f1xx_hal_tim.o
HAL_TIM_Encoder_Start                             build/stm32f1xx_hal_tim.o
HAL_TIM_Encoder_Start_DMA                         build/stm32f1xx_hal_tim.o
HAL_TIM_Encoder_Start_IT                          build/stm32f1xx_hal_tim.o
HAL_TIM_Encoder_Stop                              build/stm32f1xx_hal_tim.o
HAL_TIM_Encoder_Stop_DMA                          build/stm32f1xx_hal_tim.o
HAL_TIM_Encoder_Stop_IT                           build/stm32f1xx_hal_tim.o
HAL_TIM_ErrorCallback                             build/stm32f1xx_hal_tim.o
                                                  build/stm32f1xx_hal_tim_ex.o
HAL_TIM_GenerateEvent                             build/stm32f1xx_hal_tim.o
HAL_TIM_GetActiveChannel                          build/stm32f1xx_hal_tim.o
HAL_TIM_GetChannelState                           build/stm32f1xx_hal_tim.o
HAL_TIM_IC_CaptureCallback                        build/stm32f1xx_hal_tim.o
HAL_TIM_IC_CaptureHalfCpltCallback                build/stm32f1xx_hal_tim.o
HAL_TIM_IC_ConfigChannel                          build/stm32f1xx_hal_tim.o
HAL_TIM_IC_DeInit                                 build/stm32f1xx_hal_tim.o
HAL_TIM_IC_GetState                               build/stm32f1xx_hal_tim.o
HAL_TIM_IC_Init                                   build/stm32f1xx_hal_tim.o
HAL_TIM_IC_MspDeInit                              build/stm32f1xx_hal_tim.o
HAL_TIM_IC_MspInit                                build/stm32f1xx_hal_tim.o
HAL_TIM_IC_Start                                  build/stm32f1xx_hal_tim.o
HAL_TIM_IC_Start_DMA                              build/stm32f1xx_hal_tim.o
HAL_TIM_IC_Start_IT                               build/stm32f1xx_hal_tim.o
HAL_TIM_IC_Stop                                   build/stm32f1xx_hal_tim.o
HAL_TIM_IC_Stop_DMA                               build/stm32f1xx_hal_tim.o
HAL_TIM_IC_Stop_IT                                build/stm32f1xx_hal_tim.o
HAL_TIM_IRQHandler                                build/stm32f1xx_hal_tim.o
                                                  build/stm32f1xx_it.o
HAL_TIM_OC_ConfigChannel                          build/stm32f1xx_hal_tim.o
HAL_TIM_OC_DeInit                                 build/stm32f1xx_hal_tim.o
HAL_TIM_OC_DelayElapsedCallback                   build/stm32f1xx_hal_tim.o
HAL_TIM_OC_GetState                               build/stm32f1xx_hal_tim.o
HAL_TIM_OC_Init                                   build/stm32f1xx_hal_tim.o
HAL_TIM_OC_MspDeInit                              build/stm32f1xx_hal_tim.o
HAL_TIM_OC_MspInit                                build/stm32f1xx_hal_tim.o
HAL_TIM_OC_Start                                  build/stm32f1xx_hal_tim.o
HAL_TIM_OC_Start_DMA                              build/stm32f1xx_hal_tim.o
HAL_TIM_OC_Start_IT                               build/stm32f1xx_hal_tim.o
HAL_TIM_OC_Stop                                   build/stm32f1xx_hal_tim.o
HAL_TIM_OC_Stop_DMA                               build/stm32f1xx_hal_tim.o
HAL_TIM_OC_Stop_IT                                build/stm32f1xx_hal_tim.o
HAL_TIM_OnePulse_ConfigChannel                    build/stm32f1xx_hal_tim.o
HAL_TIM_OnePulse_DeInit                           build/stm32f1xx_hal_tim.o
HAL_TIM_OnePulse_GetState                         build/stm32f1xx_hal_tim.o
HAL_TIM_OnePulse_Init                             build/stm32f1xx_hal_tim.o
HAL_TIM_OnePulse_MspDeInit                        build/stm32f1xx_hal_tim.o
HAL_TIM_OnePulse_MspInit                          build/stm32f1xx_hal_tim.o
HAL_TIM_OnePulse_Start                            build/stm32f1xx_hal_tim.o
HAL_TIM_OnePulse_Start_IT                         build/stm32f1xx_hal_tim.o
HAL_TIM_OnePulse_Stop                             build/stm32f1xx_hal_tim.o
HAL_TIM_OnePulse_Stop_IT                          build/stm32f1xx_hal_tim.o
HAL_TIM_PWM_ConfigChannel                         build/stm32f1xx_hal_tim.o
HAL_TIM_PWM_DeInit                                build/stm32f1xx_hal_tim.o
HAL_TIM_PWM_GetState                              build/stm32f1xx_hal_tim.o
HAL_TIM_PWM_Init                                  build/stm32f1xx_hal_tim.o
HAL_TIM_PWM_MspDeInit                             build/stm32f1xx_hal_tim.o
HAL_TIM_PWM_MspInit                               build/stm32f1xx_hal_tim.o
HAL_TIM_PWM_PulseFinishedCallback                 build/stm32f1xx_hal_tim.o
                                                  build/stm32f1xx_hal_tim_ex.o
HAL_TIM_PWM_PulseFinishedHalfCpltCallback         build/stm32f1xx_hal_tim.o
HAL_TIM_PWM_Start                                 build/stm32f1xx_hal_tim.o
HAL_TIM_PWM_Start_DMA                             build/stm32f1xx_hal_tim.o
HAL_TIM_PWM_Start_IT                              build/stm32f1xx_hal_tim.o
HAL_TIM_PWM_Stop                                  build/stm32f1xx_hal_tim.o
HAL_TIM_PWM_Stop_DMA                              build/stm32f1xx_hal_tim.o
HAL_TIM_PWM_Stop_IT                               build/stm32f1xx_hal_tim.o
HAL_TIM_PeriodElapsedCallback                     build/main.o
HAL_TIM_PeriodElapsedHalfCpltCallback             build/stm32f1xx_hal_tim.o
HAL_TIM_ReadCapturedValue                         build/stm32f1xx_hal_tim.o
HAL_TIM_SlaveConfigSynchro                        build/stm32f1xx_hal_tim.o
HAL_TIM_SlaveConfigSynchro_IT                     build/stm32f1xx_hal_tim.o
HAL_TIM_TriggerCallback                           build/stm32f1xx_hal_tim.o
HAL_TIM_TriggerHalfCpltCallback                   build/stm32f1xx_hal_tim.o
HardFault_Handler                                 build/stm32f1xx_it.o
I2C1_ER_IRQHandler                                build/startup_stm32f103x6.o
I2C1_EV_IRQHandler                                build/startup_stm32f103x6.o
IncreaseDurationOfLight                           build/input_processing.o
MemManage_Handler                                 build/stm32f1xx_it.o
NMI_Handler                                       build/stm32f1xx_it.o
PVD_IRQHandler                                    build/startup_stm32f103x6.o
PendSV_Handler                                    build/stm32f1xx_it.o
RCC_IRQHandler                                    build/startup_stm32f103x6.o
RTC_Alarm_IRQHandler                              build/startup_stm32f103x6.o
RTC_IRQHandler                                    build/startup_stm32f103x6.o
Reset_Handler                                     build/startup_stm32f103x6.o
SPI1_IRQHandler                                   build/startup_stm32f103x6.o
SVC_Handler                                       build/stm32f1xx_it.o
Scan7SEG                                          build/main.o
SysTick_Handler                                   build/stm32f1xx_it.o
SystemClock_Config                                build/main.o
SystemCoreClock                                   build/system_stm32f1xx.o
                                                  build/stm32f1xx_hal_rcc.o
                                                  build/stm32f1xx_hal.o
SystemCoreClockUpdate                             build/system_stm32f1xx.o
SystemInit                                        build/system_stm32f1xx.o
                                                  build/startup_stm32f103x6.o
TAMPER_IRQHandler                                 build/startup_stm32f103x6.o
TIM1_BRK_IRQHandler                               build/startup_stm32f103x6.o
TIM1_CC_IRQHandler                                build/startup_stm32f103x6.o
TIM1_TRG_COM_IRQHandler                           build/startup_stm32f103x6.o
TIM1_UP_IRQHandler                                build/startup_stm32f103x6.o
TIM2_IRQHandler                                   build/stm32f1xx_it.o
TIM3_IRQHandler                                   build/startup_stm32f103x6.o
TIMEx_DMACommutationCplt                          build/stm32f1xx_hal_tim_ex.o
                                                  build/stm32f1xx_hal_tim.o
TIMEx_DMACommutationHalfCplt                      build/stm32f1xx_hal_tim_ex.o
                                                  build/stm32f1xx_hal_tim.o
TIM_Base_SetConfig                                build/stm32f1xx_hal_tim.o
                                                  build/stm32f1xx_hal_tim_ex.o
TIM_CCxChannelCmd                                 build/stm32f1xx_hal_tim.o
                                                  build/stm32f1xx_hal_tim_ex.o
TIM_DMACaptureCplt                                build/stm32f1xx_hal_tim.o
                                                  build/stm32f1xx_hal_tim_ex.o
TIM_DMACaptureHalfCplt                            build/stm32f1xx_hal_tim.o
                                                  build/stm32f1xx_hal_tim_ex.o
TIM_DMADelayPulseHalfCplt                         build/stm32f1xx_hal_tim.o
                                                  build/stm32f1xx_hal_tim_ex.o
TIM_DMAError                                      build/stm32f1xx_hal_tim.o
                                                  build/stm32f1xx_hal_tim_ex.o
TIM_ETR_SetConfig                                 build/stm32f1xx_hal_tim.o
TIM_OC2_SetConfig                                 build/stm32f1xx_hal_tim.o
                                                  build/stm32f1xx_hal_tim_ex.o
TIM_TI1_SetConfig                                 build/stm32f1xx_hal_tim.o
                                                  build/stm32f1xx_hal_tim_ex.o
ToggleAllGreenLeds                                build/led_controlling.o
                                                  build/main.o
ToggleAllRedLeds                                  build/led_controlling.o
                                                  build/main.o
ToggleAllYellowLeds                               build/led_controlling.o
                                                  build/main.o
TurnAllLightsOff                                  build/led_controlling.o
                                                  build/input_processing.o
                                                  build/main.o
USART1_IRQHandler                                 build/startup_stm32f103x6.o
USART2_IRQHandler                                 build/startup_stm32f103x6.o
USBWakeUp_IRQHandler                              build/startup_stm32f103x6.o
USB_HP_CAN1_TX_IRQHandler                         build/startup_stm32f103x6.o
USB_LP_CAN1_RX0_IRQHandler                        build/startup_stm32f103x6.o
UsageFault_Handler                                build/stm32f1xx_it.o
WWDG_IRQHandler                                   build/startup_stm32f103x6.o
__bss_end__                                       c:/program files (x86)/gnu arm embedded toolchain/10 2021.10/bin/../lib/gcc/arm-none-eabi/10.3.1/../../../../arm-none-eabi/lib/thumb/v7-m/nofp/crt0.o
__bss_start__                                     c:/program files (x86)/gnu arm embedded toolchain/10 2021.10/bin/../lib/gcc/arm-none-eabi/10.3.1/../../../../arm-none-eabi/lib/thumb/v7-m/nofp/crt0.o
__call_exitprocs                                  c:/program files (x86)/gnu arm embedded toolchain/10 2021.10/bin/../lib/gcc/arm-none-eabi/10.3.1/../../../../arm-none-eabi/lib/thumb/v7-m/nofp\libc_nano.a(lib_a-exit.o)
__deregister_frame_info                           c:/program files (x86)/gnu arm embedded toolchain/10 2021.10/bin/../lib/gcc/arm-none-eabi/10.3.1/thumb/v7-m/nofp/crtbegin.o
__dso_handle                                      c:/program files (x86)/gnu arm embedded toolchain/10 2021.10/bin/../lib/gcc/arm-none-eabi/10.3.1/thumb/v7-m/nofp/crtbegin.o
__init_array_end                                  c:/program files (x86)/gnu arm embedded toolchain/10 2021.10/bin/../lib/gcc/arm-none-eabi/10.3.1/../../../../arm-none-eabi/lib/thumb/v7-m/nofp\libc_nano.a(lib_a-init.o)
__init_array_start                                c:/program files (x86)/gnu arm embedded toolchain/10 2021.10/bin/../lib/gcc/arm-none-eabi/10.3.1/../../../../arm-none-eabi/lib/thumb/v7-m/nofp\libc_nano.a(lib_a-init.o)
__libc_fini_array                                 c:/program files (x86)/gnu arm embedded toolchain/10 2021.10/bin/../lib/gcc/arm-none-eabi/10.3.1/../../../../arm-none-eabi/lib/thumb/v7-m/nofp/crt0.o
__libc_init_array                                 c:/program files (x86)/gnu arm embedded toolchain/10 2021.10/bin/../lib/gcc/arm-none-eabi/10.3.1/../../../../arm-none-eabi/lib/thumb/v7-m/nofp\libc_nano.a(lib_a-init.o)
                                                  build/startup_stm32f103x6.o
                                                  c:/program files (x86)/gnu arm embedded toolchain/10 2021.10/bin/../lib/gcc/arm-none-eabi/10.3.1/../../../../arm-none-eabi/lib/thumb/v7-m/nofp/crt0.o
__preinit_array_end                               c:/program files (x86)/gnu arm embedded toolchain/10 2021.10/bin/../lib/gcc/arm-none-eabi/10.3.1/../../../../arm-none-eabi/lib/thumb/v7-m/nofp\libc_nano.a(lib_a-init.o)
__preinit_array_start                             c:/program files (x86)/gnu arm embedded toolchain/10 2021.10/bin/../lib/gcc/arm-none-eabi/10.3.1/../../../../arm-none-eabi/lib/thumb/v7-m/nofp\libc_nano.a(lib_a-init.o)
__register_frame_info                             c:/program files (x86)/gnu arm embedded toolchain/10 2021.10/bin/../lib/gcc/arm-none-eabi/10.3.1/thumb/v7-m/nofp/crtbegin.o
__sf_fake_stderr                                  c:/program files (x86)/gnu arm embedded toolchain/10 2021.10/bin/../lib/gcc/arm-none-eabi/10.3.1/../../../../arm-none-eabi/lib/thumb/v7-m/nofp\libc_nano.a(lib_a-impure.o)
__sf_fake_stdin                                   c:/program files (x86)/gnu arm embedded toolchain/10 2021.10/bin/../lib/gcc/arm-none-eabi/10.3.1/../../../../arm-none-eabi/lib/thumb/v7-m/nofp\libc_nano.a(lib_a-impure.o)
__sf_fake_stdout                                  c:/program files (x86)/gnu arm embedded toolchain/10 2021.10/bin/../lib/gcc/arm-none-eabi/10.3.1/../../../../arm-none-eabi/lib/thumb/v7-m/nofp\libc_nano.a(lib_a-impure.o)
__stack                                           c:/program files (x86)/gnu arm embedded toolchain/10 2021.10/bin/../lib/gcc/arm-none-eabi/10.3.1/../../../../arm-none-eabi/lib/thumb/v7-m/nofp/crt0.o
_ebss                                             build/startup_stm32f103x6.o
_edata                                            build/startup_stm32f103x6.o
_estack                                           build/startup_stm32f103x6.o
_exit                                             c:/program files (x86)/gnu arm embedded toolchain/10 2021.10/bin/../lib/gcc/arm-none-eabi/10.3.1/../../../../arm-none-eabi/lib/thumb/v7-m/nofp\libnosys.a(_exit.o)
                                                  c:/program files (x86)/gnu arm embedded toolchain/10 2021.10/bin/../lib/gcc/arm-none-eabi/10.3.1/../../../../arm-none-eabi/lib/thumb/v7-m/nofp\libc_nano.a(lib_a-exit.o)
_fini                                             c:/program files (x86)/gnu arm embedded toolchain/10 2021.10/bin/../lib/gcc/arm-none-eabi/10.3.1/thumb/v7-m/nofp/crti.o
_global_impure_ptr                                c:/program files (x86)/gnu arm embedded toolchain/10 2021.10/bin/../lib/gcc/arm-none-eabi/10.3.1/../../../../arm-none-eabi/lib/thumb/v7-m/nofp\libc_nano.a(lib_a-impure.o)
                                                  c:/program files (x86)/gnu arm embedded toolchain/10 2021.10/bin/../lib/gcc/arm-none-eabi/10.3.1/../../../../arm-none-eabi/lib/thumb/v7-m/nofp\libc_nano.a(lib_a-exit.o)
_impure_ptr                                       c:/program files (x86)/gnu arm embedded toolchain/10 2021.10/bin/../lib/gcc/arm-none-eabi/10.3.1/../../../../arm-none-eabi/lib/thumb/v7-m/nofp\libc_nano.a(lib_a-impure.o)
_init                                             c:/program files (x86)/gnu arm embedded toolchain/10 2021.10/bin/../lib/gcc/arm-none-eabi/10.3.1/thumb/v7-m/nofp/crti.o
                                                  c:/program files (x86)/gnu arm embedded toolchain/10 2021.10/bin/../lib/gcc/arm-none-eabi/10.3.1/../../../../arm-none-eabi/lib/thumb/v7-m/nofp\libc_nano.a(lib_a-init.o)
_mainCRTStartup                                   c:/program files (x86)/gnu arm embedded toolchain/10 2021.10/bin/../lib/gcc/arm-none-eabi/10.3.1/../../../../arm-none-eabi/lib/thumb/v7-m/nofp/crt0.o
_sbss                                             build/startup_stm32f103x6.o
_sdata                                            build/startup_stm32f103x6.o
_sidata                                           build/startup_stm32f103x6.o
_stack_init                                       c:/program files (x86)/gnu arm embedded toolchain/10 2021.10/bin/../lib/gcc/arm-none-eabi/10.3.1/../../../../arm-none-eabi/lib/thumb/v7-m/nofp/crt0.o
_start                                            c:/program files (x86)/gnu arm embedded toolchain/10 2021.10/bin/../lib/gcc/arm-none-eabi/10.3.1/../../../../arm-none-eabi/lib/thumb/v7-m/nofp/crt0.o
atexit                                            c:/program files (x86)/gnu arm embedded toolchain/10 2021.10/bin/../lib/gcc/arm-none-eabi/10.3.1/../../../../arm-none-eabi/lib/thumb/v7-m/nofp/crt0.o
buttonBuffer                                      build/input_reading.o
buttonState                                       build/input_processing.o
button_reading                                    build/input_reading.o
                                                  build/main.o
counterForButtonPress1s                           build/input_reading.o
debounceButtonBuffer1                             build/input_reading.o
debounceButtonBuffer2                             build/input_reading.o
display7SEG                                       build/led_controlling.o
                                                  build/main.o
durationOfGreen                                   build/input_processing.o
                                                  build/main.o
durationOfRed                                     build/input_processing.o
                                                  build/main.o
durationOfYellow                                  build/input_processing.o
                                                  build/main.o
exit                                              c:/program files (x86)/gnu arm embedded toolchain/10 2021.10/bin/../lib/gcc/arm-none-eabi/10.3.1/../../../../arm-none-eabi/lib/thumb/v7-m/nofp\libc_nano.a(lib_a-exit.o)
                                                  c:/program files (x86)/gnu arm embedded toolchain/10 2021.10/bin/../lib/gcc/arm-none-eabi/10.3.1/../../../../arm-none-eabi/lib/thumb/v7-m/nofp/crt0.o
flagForButtonPress1s                              build/input_reading.o
fsm_for_input_processing                          build/input_processing.o
                                                  build/main.o
g_pfnVectors                                      build/startup_stm32f103x6.o
hardware_init_hook                                c:/program files (x86)/gnu arm embedded toolchain/10 2021.10/bin/../lib/gcc/arm-none-eabi/10.3.1/../../../../arm-none-eabi/lib/thumb/v7-m/nofp/crt0.o
htim2                                             build/main.o
                                                  build/stm32f1xx_it.o
is_button_pressed                                 build/input_reading.o
                                                  build/input_processing.o
is_button_pressed_1s                              build/input_reading.o
main                                              build/main.o
                                                  build/startup_stm32f103x6.o
                                                  c:/program files (x86)/gnu arm embedded toolchain/10 2021.10/bin/../lib/gcc/arm-none-eabi/10.3.1/../../../../arm-none-eabi/lib/thumb/v7-m/nofp/crt0.o
memset                                            c:/program files (x86)/gnu arm embedded toolchain/10 2021.10/bin/../lib/gcc/arm-none-eabi/10.3.1/../../../../arm-none-eabi/lib/thumb/v7-m/nofp\libc_nano.a(lib_a-memset.o)
                                                  build/main.o
                                                  c:/program files (x86)/gnu arm embedded toolchain/10 2021.10/bin/../lib/gcc/arm-none-eabi/10.3.1/../../../../arm-none-eabi/lib/thumb/v7-m/nofp/crt0.o
modeState                                         build/input_processing.o
                                                  build/main.o
pFlash                                            build/stm32f1xx_hal_flash.o
                                                  build/stm32f1xx_hal_flash_ex.o
segLedIndex                                       build/main.o
setTimer1                                         build/software_timer.o
                                                  build/main.o
setTimer2                                         build/software_timer.o
                                                  build/main.o
software_init_hook                                c:/program files (x86)/gnu arm embedded toolchain/10 2021.10/bin/../lib/gcc/arm-none-eabi/10.3.1/../../../../arm-none-eabi/lib/thumb/v7-m/nofp/crt0.o
timer1_counter                                    build/software_timer.o
timer1_flag                                       build/software_timer.o
                                                  build/main.o
timer2_counter                                    build/software_timer.o
timer2_flag                                       build/software_timer.o
                                                  build/main.o
timerRun                                          build/software_timer.o
                                                  build/main.o
uwTick                                            build/stm32f1xx_hal.o
uwTickFreq                                        build/stm32f1xx_hal.o
uwTickPrio                                        build/stm32f1xx_hal.o
                                                  build/stm32f1xx_hal_rcc.o
